
> le-fabrique@0.1.0 build
> npm run build -w @le-fabrique/contracts && npm run build -w @le-fabrique/runtime && npm run build -w @le-fabrique/api && npm run build -w @le-fabrique/worker && npm run build -w @le-fabrique/web


> @le-fabrique/contracts@0.1.0 build
> tsc -p tsconfig.json


> @le-fabrique/runtime@0.1.0 build
> tsc -p tsconfig.json && cp src/sandbox-launcher.cjs dist/sandbox-launcher.cjs


> @le-fabrique/api@0.1.0 build
> tsc -p tsconfig.json


> @le-fabrique/worker@0.1.0 build
> tsc -p tsconfig.json


> @le-fabrique/web@0.1.0 build
> tsc -b && vite build

vite v8.3.1 building client environment for production...
transforming...
✓ 141 modules transformed.
rendering chunks...
computing gzip size...
dist/index.html                   0.51 kB │ gzip:   0.32 kB
dist/assets/index-Dpy0V-DO.css   52.65 kB │ gzip:  10.18 kB
dist/assets/index-i2cMOM9U.js   481.94 kB │ gzip: 138.13 kB

✓ built in 468ms
